Command line invocation:
    /Applications/Xcode.app/Contents/Developer/usr/bin/xcodebuild -project VideoTool.xcodeproj -scheme VideoTool -configuration Debug -destination platform=macOS build

Resolve Package Graph


Resolved source packages:
  FFmpegKit: https://github.com/dogegg-cc/ffmpeg-kit-spm-macos/ @ main (f4b987e)

2026-05-27 15:21:22.003 xcodebuild[71780:12592893] [MT] IDERunDestination: Supported platforms for the buildables in the current scheme is empty.
--- xcodebuild: WARNING: Using the first of multiple matching destinations:
{ platform:macOS, arch:arm64, id:00006034-0008611E0244001C, name:My Mac }
{ platform:macOS, arch:x86_64, id:00006034-0008611E0244001C, name:My Mac }
ComputePackagePrebuildTargetDependencyGraph

Prepare packages

CreateBuildRequest

SendProjectDescription

CreateBuildOperation

ComputeTargetDependencyGraph
note: Building targets in dependency order
note: Target dependency graph (9 targets)
    Target 'VideoTool' in project 'VideoTool'
        ➜ Explicit dependency on target 'libavdevice' in project 'FFmpegKit'
        ➜ Explicit dependency on target 'libavcodec' in project 'FFmpegKit'
        ➜ Explicit dependency on target 'FFmpegKit' in project 'FFmpegKit'
        ➜ Explicit dependency on target 'libswscale' in project 'FFmpegKit'
        ➜ Explicit dependency on target 'libswresample' in project 'FFmpegKit'
        ➜ Explicit dependency on target 'libavformat' in project 'FFmpegKit'
        ➜ Explicit dependency on target 'libavfilter' in project 'FFmpegKit'
        ➜ Explicit dependency on target 'libavutil' in project 'FFmpegKit'
    Target 'libavutil' in project 'FFmpegKit' (no dependencies)
    Target 'libavfilter' in project 'FFmpegKit' (no dependencies)
    Target 'libavformat' in project 'FFmpegKit' (no dependencies)
    Target 'libswresample' in project 'FFmpegKit' (no dependencies)
    Target 'libswscale' in project 'FFmpegKit' (no dependencies)
    Target 'FFmpegKit' in project 'FFmpegKit' (no dependencies)
    Target 'libavcodec' in project 'FFmpegKit' (no dependencies)
    Target 'libavdevice' in project 'FFmpegKit' (no dependencies)

GatherProvisioningInputs

CreateBuildDescription

ExecuteExternalTool /Applications/Xcode.app/Contents/Developer/Toolchains/XcodeDefault.xctoolchain/usr/bin/clang -v -E -dM -isysroot /Applications/Xcode.app/Contents/Developer/Platforms/MacOSX.platform/Developer/SDKs/MacOSX26.5.sdk -x c -c /dev/null

ExecuteExternalTool /Applications/Xcode.app/Contents/Developer/usr/bin/actool --version --output-format xml1

ExecuteExternalTool /Applications/Xcode.app/Contents/Developer/Toolchains/XcodeDefault.xctoolchain/usr/bin/swiftc --version

ExecuteExternalTool /Applications/Xcode.app/Contents/Developer/Toolchains/XcodeDefault.xctoolchain/usr/bin/ld -version_details

Build description signature: 4c3adaed297536d2a7f66fee29e1b52b
Build description path: /Users/jiao/Library/Developer/Xcode/DerivedData/VideoTool-fdxnevjemnqufagenfcticjrtbxl/Build/Intermediates.noindex/XCBuildData/4c3adaed297536d2a7f66fee29e1b52b.xcbuilddata
ClangStatCache /Applications/Xcode.app/Contents/Developer/Toolchains/XcodeDefault.xctoolchain/usr/bin/clang-stat-cache /Applications/Xcode.app/Contents/Developer/Platforms/MacOSX.platform/Developer/SDKs/MacOSX26.5.sdk /Users/jiao/Library/Developer/Xcode/DerivedData/SDKStatCaches.noindex/macosx26.5-25F70-688ef53f1462e2c8f657fdc38a81448fe082c4a02f00227109f4ed75e425c832.sdkstatcache
    cd /Users/jiao/Desktop/Project/VideoTool/VideoTool.xcodeproj
    /Applications/Xcode.app/Contents/Developer/Toolchains/XcodeDefault.xctoolchain/usr/bin/clang-stat-cache /Applications/Xcode.app/Contents/Developer/Platforms/MacOSX.platform/Developer/SDKs/MacOSX26.5.sdk -o /Users/jiao/Library/Developer/Xcode/DerivedData/SDKStatCaches.noindex/macosx26.5-25F70-688ef53f1462e2c8f657fdc38a81448fe082c4a02f00227109f4ed75e425c832.sdkstatcache

note: Run script build phase 'SwiftFormat' will be run during every build because the option to run the script phase "Based on dependency analysis" is unchecked. (in target 'VideoTool' from project 'VideoTool')
note: Run script build phase 'SwiftLint' will be run during every build because the option to run the script phase "Based on dependency analysis" is unchecked. (in target 'VideoTool' from project 'VideoTool')
SwiftDriver VideoTool normal arm64 com.apple.xcode.tools.swift.compiler (in target 'VideoTool' from project 'VideoTool')
    cd /Users/jiao/Desktop/Project/VideoTool
    builtin-SwiftDriver -- /Applications/Xcode.app/Contents/Developer/Toolchains/XcodeDefault.xctoolchain/usr/bin/swiftc -module-name VideoTool -Onone @/Users/jiao/Library/Developer/Xcode/DerivedData/VideoTool-fdxnevjemnqufagenfcticjrtbxl/Build/Intermediates.noindex/VideoTool.build/Debug/VideoTool.build/Objects-normal/arm64/VideoTool.SwiftFileList -DDEBUG -default-isolation\=MainActor -enable-bare-slash-regex -enable-upcoming-feature DisableOutwardActorInference -enable-upcoming-feature InferSendableFromCaptures -enable-upcoming-feature GlobalActorIsolatedTypesUsability -enable-upcoming-feature MemberImportVisibility -enable-upcoming-feature InferIsolatedConformances -enable-upcoming-feature NonisolatedNonsendingByDefault -enable-experimental-feature DebugDescriptionMacro -sdk /Applications/Xcode.app/Contents/Developer/Platforms/MacOSX.platform/Developer/SDKs/MacOSX26.5.sdk -target arm64-apple-macos15 -g -module-cache-path /Users/jiao/Library/Developer/Xcode/DerivedData/ModuleCache.noindex -Xfrontend -serialize-debugging-options -profile-coverage-mapping -profile-generate -enable-testing -index-store-path /Users/jiao/Library/Developer/Xcode/DerivedData/VideoTool-fdxnevjemnqufagenfcticjrtbxl/Index.noindex/DataStore -Xcc -D_LIBCPP_HARDENING_MODE\=_LIBCPP_HARDENING_MODE_DEBUG -swift-version 5 -I /Users/jiao/Library/Developer/Xcode/DerivedData/VideoTool-fdxnevjemnqufagenfcticjrtbxl/Build/Products/Debug -F /Users/jiao/Library/Developer/Xcode/DerivedData/VideoTool-fdxnevjemnqufagenfcticjrtbxl/Build/Products/Debug -emit-localized-strings -emit-localized-strings-path /Users/jiao/Library/Developer/Xcode/DerivedData/VideoTool-fdxnevjemnqufagenfcticjrtbxl/Build/Intermediates.noindex/VideoTool.build/Debug/VideoTool.build/Objects-normal/arm64 -c -j14 -enable-batch-mode -incremental -Xcc -ivfsstatcache -Xcc /Users/jiao/Library/Developer/Xcode/DerivedData/SDKStatCaches.noindex/macosx26.5-25F70-688ef53f1462e2c8f657fdc38a81448fe082c4a02f00227109f4ed75e425c832.sdkstatcache -output-file-map /Users/jiao/Library/Developer/Xcode/DerivedData/VideoTool-fdxnevjemnqufagenfcticjrtbxl/Build/Intermediates.noindex/VideoTool.build/Debug/VideoTool.build/Objects-normal/arm64/VideoTool-OutputFileMap.json -use-frontend-parseable-output -save-temps -no-color-diagnostics -explicit-module-build -module-cache-path /Users/jiao/Library/Developer/Xcode/DerivedData/VideoTool-fdxnevjemnqufagenfcticjrtbxl/Build/Intermediates.noindex/SwiftExplicitPrecompiledModules -clang-scanner-module-cache-path /Users/jiao/Library/Developer/Xcode/DerivedData/ModuleCache.noindex -sdk-module-cache-path /Users/jiao/Library/Developer/Xcode/DerivedData/ModuleCache.noindex -serialize-diagnostics -emit-dependencies -emit-module -emit-module-path /Users/jiao/Library/Developer/Xcode/DerivedData/VideoTool-fdxnevjemnqufagenfcticjrtbxl/Build/Intermediates.noindex/VideoTool.build/Debug/VideoTool.build/Objects-normal/arm64/VideoTool.swiftmodule -validate-clang-modules-once -clang-build-session-file /Users/jiao/Library/Developer/Xcode/DerivedData/ModuleCache.noindex/Session.modulevalidation -Xcc -I/Users/jiao/Library/Developer/Xcode/DerivedData/VideoTool-fdxnevjemnqufagenfcticjrtbxl/Build/Intermediates.noindex/VideoTool.build/Debug/VideoTool.build/swift-overrides.hmap -emit-const-values -Xfrontend -const-gather-protocols-file -Xfrontend /Users/jiao/Library/Developer/Xcode/DerivedData/VideoTool-fdxnevjemnqufagenfcticjrtbxl/Build/Intermediates.noindex/VideoTool.build/Debug/VideoTool.build/Objects-normal/arm64/VideoTool_const_extract_protocols.json -Xcc -iquote -Xcc /Users/jiao/Library/Developer/Xcode/DerivedData/VideoTool-fdxnevjemnqufagenfcticjrtbxl/Build/Intermediates.noindex/VideoTool.build/Debug/VideoTool.build/VideoTool-generated-files.hmap -Xcc -I/Users/jiao/Library/Developer/Xcode/DerivedData/VideoTool-fdxnevjemnqufagenfcticjrtbxl/Build/Intermediates.noindex/VideoTool.build/Debug/VideoTool.build/VideoTool-own-target-headers.hmap -Xcc -I/Users/jiao/Library/Developer/Xcode/DerivedData/VideoTool-fdxnevjemnqufagenfcticjrtbxl/Build/Intermediates.noindex/VideoTool.build/Debug/VideoTool.build/VideoTool-all-target-headers.hmap -Xcc -iquote -Xcc /Users/jiao/Library/Developer/Xcode/DerivedData/VideoTool-fdxnevjemnqufagenfcticjrtbxl/Build/Intermediates.noindex/VideoTool.build/Debug/VideoTool.build/VideoTool-project-headers.hmap -Xcc -I/Users/jiao/Library/Developer/Xcode/DerivedData/VideoTool-fdxnevjemnqufagenfcticjrtbxl/Build/Products/Debug/include -Xcc -I/Users/jiao/Library/Developer/Xcode/DerivedData/VideoTool-fdxnevjemnqufagenfcticjrtbxl/Build/Intermediates.noindex/VideoTool.build/Debug/VideoTool.build/DerivedSources-normal/arm64 -Xcc -I/Users/jiao/Library/Developer/Xcode/DerivedData/VideoTool-fdxnevjemnqufagenfcticjrtbxl/Build/Intermediates.noindex/VideoTool.build/Debug/VideoTool.build/DerivedSources/arm64 -Xcc -I/Users/jiao/Library/Developer/Xcode/DerivedData/VideoTool-fdxnevjemnqufagenfcticjrtbxl/Build/Intermediates.noindex/VideoTool.build/Debug/VideoTool.build/DerivedSources -Xcc -DDEBUG\=1 -emit-objc-header -emit-objc-header-path /Users/jiao/Library/Developer/Xcode/DerivedData/VideoTool-fdxnevjemnqufagenfcticjrtbxl/Build/Intermediates.noindex/VideoTool.build/Debug/VideoTool.build/Objects-normal/arm64/VideoTool-Swift.h -working-directory /Users/jiao/Desktop/Project/VideoTool -experimental-emit-module-separately -disable-cmo

ProcessInfoPlistFile /Users/jiao/Library/Developer/Xcode/DerivedData/VideoTool-fdxnevjemnqufagenfcticjrtbxl/Build/Products/Debug/VideoTool.app/Contents/Info.plist /Users/jiao/Library/Developer/Xcode/DerivedData/VideoTool-fdxnevjemnqufagenfcticjrtbxl/Build/Intermediates.noindex/VideoTool.build/Debug/VideoTool.build/empty-VideoTool.plist (in target 'VideoTool' from project 'VideoTool')
    cd /Users/jiao/Desktop/Project/VideoTool
    builtin-infoPlistUtility /Users/jiao/Library/Developer/Xcode/DerivedData/VideoTool-fdxnevjemnqufagenfcticjrtbxl/Build/Intermediates.noindex/VideoTool.build/Debug/VideoTool.build/empty-VideoTool.plist -producttype com.apple.product-type.application -genpkginfo /Users/jiao/Library/Developer/Xcode/DerivedData/VideoTool-fdxnevjemnqufagenfcticjrtbxl/Build/Products/Debug/VideoTool.app/Contents/PkgInfo -expandbuildsettings -platform macosx -additionalcontentfile /Users/jiao/Library/Developer/Xcode/DerivedData/VideoTool-fdxnevjemnqufagenfcticjrtbxl/Build/Intermediates.noindex/VideoTool.build/Debug/VideoTool.build/assetcatalog_generated_info.plist -scanforprivacyfile /Users/jiao/Library/Developer/Xcode/DerivedData/VideoTool-fdxnevjemnqufagenfcticjrtbxl/Build/Products/Debug/VideoTool.app/Contents/Frameworks/ffmpegkit.framework -scanforprivacyfile /Users/jiao/Library/Developer/Xcode/DerivedData/VideoTool-fdxnevjemnqufagenfcticjrtbxl/Build/Products/Debug/VideoTool.app/Contents/Frameworks/libavcodec.framework -scanforprivacyfile /Users/jiao/Library/Developer/Xcode/DerivedData/VideoTool-fdxnevjemnqufagenfcticjrtbxl/Build/Products/Debug/VideoTool.app/Contents/Frameworks/libavdevice.framework -scanforprivacyfile /Users/jiao/Library/Developer/Xcode/DerivedData/VideoTool-fdxnevjemnqufagenfcticjrtbxl/Build/Products/Debug/VideoTool.app/Contents/Frameworks/libavfilter.framework -scanforprivacyfile /Users/jiao/Library/Developer/Xcode/DerivedData/VideoTool-fdxnevjemnqufagenfcticjrtbxl/Build/Products/Debug/VideoTool.app/Contents/Frameworks/libavformat.framework -scanforprivacyfile /Users/jiao/Library/Developer/Xcode/DerivedData/VideoTool-fdxnevjemnqufagenfcticjrtbxl/Build/Products/Debug/VideoTool.app/Contents/Frameworks/libavutil.framework -scanforprivacyfile /Users/jiao/Library/Developer/Xcode/DerivedData/VideoTool-fdxnevjemnqufagenfcticjrtbxl/Build/Products/Debug/VideoTool.app/Contents/Frameworks/libswresample.framework -scanforprivacyfile /Users/jiao/Library/Developer/Xcode/DerivedData/VideoTool-fdxnevjemnqufagenfcticjrtbxl/Build/Products/Debug/VideoTool.app/Contents/Frameworks/libswscale.framework -o /Users/jiao/Library/Developer/Xcode/DerivedData/VideoTool-fdxnevjemnqufagenfcticjrtbxl/Build/Products/Debug/VideoTool.app/Contents/Info.plist

SwiftEmitModule normal arm64 Emitting\ module\ for\ VideoTool (in target 'VideoTool' from project 'VideoTool')

EmitSwiftModule normal arm64 (in target 'VideoTool' from project 'VideoTool')
    cd /Users/jiao/Desktop/Project/VideoTool
    

SwiftCompile normal arm64 Compiling\ VideoConverterEngine.swift /Users/jiao/Desktop/Project/VideoTool/VideoTool/VideoConverterEngine.swift (in target 'VideoTool' from project 'VideoTool')
Failed frontend command:
/Applications/Xcode.app/Contents/Developer/Toolchains/XcodeDefault.xctoolchain/usr/bin/swift-frontend -frontend -c /Users/jiao/Desktop/Project/VideoTool/VideoTool/Views/Common/GlassCard.swift /Users/jiao/Desktop/Project/VideoTool/VideoTool/Views/Common/TaskStatusIcon.swift /Users/jiao/Desktop/Project/VideoTool/VideoTool/Views/DragDropDropzone.swift /Users/jiao/Desktop/Project/VideoTool/VideoTool/Views/GeekConsoleView.swift /Users/jiao/Desktop/Project/VideoTool/VideoTool/Views/SettingsSidebar.swift /Users/jiao/Desktop/Project/VideoTool/VideoTool/Views/TaskCardView.swift /Users/jiao/Desktop/Project/VideoTool/VideoTool/Views/TaskListView.swift /Users/jiao/Desktop/Project/VideoTool/VideoTool/Views/TopControlBar.swift /Users/jiao/Desktop/Project/VideoTool/VideoTool/ContentView.swift /Users/jiao/Desktop/Project/VideoTool/VideoTool/ConvertTask.swift /Users/jiao/Desktop/Project/VideoTool/VideoTool/ConvertViewModel.swift /Users/jiao/Desktop/Project/VideoTool/VideoTool/DebugLog.swift -primary-file /Users/jiao/Desktop/Project/VideoTool/VideoTool/VideoConverterEngine.swift /Users/jiao/Desktop/Project/VideoTool/VideoTool/VideoToolApp.swift /Users/jiao/Library/Developer/Xcode/DerivedData/VideoTool-fdxnevjemnqufagenfcticjrtbxl/Build/Intermediates.noindex/VideoTool.build/Debug/VideoTool.build/DerivedSources/GeneratedAssetSymbols.swift -emit-dependencies-path /Users/jiao/Library/Developer/Xcode/DerivedData/VideoTool-fdxnevjemnqufagenfcticjrtbxl/Build/Intermediates.noindex/VideoTool.build/Debug/VideoTool.build/Objects-normal/arm64/VideoConverterEngine.d -emit-const-values-path /Users/jiao/Library/Developer/Xcode/DerivedData/VideoTool-fdxnevjemnqufagenfcticjrtbxl/Build/Intermediates.noindex/VideoTool.build/Debug/VideoTool.build/Objects-normal/arm64/VideoConverterEngine.swiftconstvalues -emit-reference-dependencies-path /Users/jiao/Library/Developer/Xcode/DerivedData/VideoTool-fdxnevjemnqufagenfcticjrtbxl/Build/Intermediates.noindex/VideoTool.build/Debug/VideoTool.build/Objects-normal/arm64/VideoConverterEngine.swiftdeps -serialize-diagnostics-path /Users/jiao/Library/Developer/Xcode/DerivedData/VideoTool-fdxnevjemnqufagenfcticjrtbxl/Build/Intermediates.noindex/VideoTool.build/Debug/VideoTool.build/Objects-normal/arm64/VideoConverterEngine.dia -emit-localized-strings -emit-localized-strings-path /Users/jiao/Library/Developer/Xcode/DerivedData/VideoTool-fdxnevjemnqufagenfcticjrtbxl/Build/Intermediates.noindex/VideoTool.build/Debug/VideoTool.build/Objects-normal/arm64 -target arm64-apple-macos15 -module-can-import-version AppKit 2685.60.104 2685.60.104 -module-can-import-version DeveloperToolsSupport 23.40.26 23.40.26 -module-can-import-version SwiftUI 7.5.3 7.5.3 -load-resolved-plugin /Applications/Xcode.app/Contents/Developer/Platforms/MacOSX.platform/Developer/usr/lib/swift/host/plugins/libFoundationMacros.dylib\#/Applications/Xcode.app/Contents/Developer/Platforms/MacOSX.platform/Developer/usr/bin/swift-plugin-server\#FoundationMacros -load-resolved-plugin /Applications/Xcode.app/Contents/Developer/Platforms/MacOSX.platform/Developer/usr/lib/swift/host/plugins/libObservationMacros.dylib\#/Applications/Xcode.app/Contents/Developer/Platforms/MacOSX.platform/Developer/usr/bin/swift-plugin-server\#ObservationMacros -load-resolved-plugin /Applications/Xcode.app/Contents/Developer/Platforms/MacOSX.platform/Developer/usr/lib/swift/host/plugins/libPreviewsMacros.dylib\#/Applications/Xcode.app/Contents/Developer/Platforms/MacOSX.platform/Developer/usr/bin/swift-plugin-server\#PreviewsMacros -load-resolved-plugin /Applications/Xcode.app/Contents/Developer/Platforms/MacOSX.platform/Developer/usr/lib/swift/host/plugins/libSwiftMacros.dylib\#/Applications/Xcode.app/Contents/Developer/Platforms/MacOSX.platform/Developer/usr/bin/swift-plugin-server\#SwiftMacros -load-resolved-plugin /Applications/Xcode.app/Contents/Developer/Platforms/MacOSX.platform/Developer/usr/lib/swift/host/plugins/libSwiftUIMacros.dylib\#/Applications/Xcode.app/Contents/Developer/Platforms/MacOSX.platform/Developer/usr/bin/swift-plugin-server\#SwiftUIMacros -disable-implicit-swift-modules -Xcc -fno-implicit-modules -Xcc -fno-implicit-module-maps -explicit-swift-module-map-file /Users/jiao/Library/Developer/Xcode/DerivedData/VideoTool-fdxnevjemnqufagenfcticjrtbxl/Build/Intermediates.noindex/VideoTool.build/Debug/VideoTool.build/Objects-normal/arm64/VideoTool-dependencies-1.json -debug-module-path /Users/jiao/Library/Developer/Xcode/DerivedData/VideoTool-fdxnevjemnqufagenfcticjrtbxl/Build/Intermediates.noindex/VideoTool.build/Debug/VideoTool.build/Objects-normal/arm64/VideoTool.swiftmodule -Xllvm -aarch64-use-tbi -enable-objc-interop -stack-check -sdk /Applications/Xcode.app/Contents/Developer/Platforms/MacOSX.platform/Developer/SDKs/MacOSX26.5.sdk -I /Users/jiao/Library/Developer/Xcode/DerivedData/VideoTool-fdxnevjemnqufagenfcticjrtbxl/Build/Products/Debug -F /Users/jiao/Library/Developer/Xcode/DerivedData/VideoTool-fdxnevjemnqufagenfcticjrtbxl/Build/Products/Debug -no-color-diagnostics -Xcc -fno-color-diagnostics -enable-testing -g -debug-info-format\=dwarf -dwarf-version\=5 -module-cache-path /Users/jiao/Library/Developer/Xcode/DerivedData/VideoTool-fdxnevjemnqufagenfcticjrtbxl/Build/Intermediates.noindex/SwiftExplicitPrecompiledModules -profile-generate -profile-coverage-mapping -swift-version 5 -Onone -D DEBUG -serialize-debugging-options -const-gather-protocols-file /Users/jiao/Library/Developer/Xcode/DerivedData/VideoTool-fdxnevjemnqufagenfcticjrtbxl/Build/Intermediates.noindex/VideoTool.build/Debug/VideoTool.build/Objects-normal/arm64/VideoTool_const_extract_protocols.json -enable-upcoming-feature DisableOutwardActorInference -enable-upcoming-feature InferSendableFromCaptures -enable-upcoming-feature GlobalActorIsolatedTypesUsability -enable-upcoming-feature MemberImportVisibility -enable-upcoming-feature InferIsolatedConformances -enable-upcoming-feature NonisolatedNonsendingByDefault -enable-experimental-feature DebugDescriptionMacro -enable-bare-slash-regex -default-isolation\=MainActor -empty-abi-descriptor -validate-clang-modules-once -clang-build-session-file /Users/jiao/Library/Developer/Xcode/DerivedData/ModuleCache.noindex/Session.modulevalidation -Xcc -working-directory -Xcc /Users/jiao/Desktop/Project/VideoTool -enable-anonymous-context-mangled-names -file-compilation-dir /Users/jiao/Desktop/Project/VideoTool -Xcc -D_LIBCPP_HARDENING_MODE\=_LIBCPP_HARDENING_MODE_DEBUG -Xcc -ivfsstatcache -Xcc /Users/jiao/Library/Developer/Xcode/DerivedData/SDKStatCaches.noindex/macosx26.5-25F70-688ef53f1462e2c8f657fdc38a81448fe082c4a02f00227109f4ed75e425c832.sdkstatcache -Xcc -I/Users/jiao/Library/Developer/Xcode/DerivedData/VideoTool-fdxnevjemnqufagenfcticjrtbxl/Build/Intermediates.noindex/VideoTool.build/Debug/VideoTool.build/swift-overrides.hmap -Xcc -iquote -Xcc /Users/jiao/Library/Developer/Xcode/DerivedData/VideoTool-fdxnevjemnqufagenfcticjrtbxl/Build/Intermediates.noindex/VideoTool.build/Debug/VideoTool.build/VideoTool-generated-files.hmap -Xcc -I/Users/jiao/Library/Developer/Xcode/DerivedData/VideoTool-fdxnevjemnqufagenfcticjrtbxl/Build/Intermediates.noindex/VideoTool.build/Debug/VideoTool.build/VideoTool-own-target-headers.hmap -Xcc -I/Users/jiao/Library/Developer/Xcode/DerivedData/VideoTool-fdxnevjemnqufagenfcticjrtbxl/Build/Intermediates.noindex/VideoTool.build/Debug/VideoTool.build/VideoTool-all-target-headers.hmap -Xcc -iquote -Xcc /Users/jiao/Library/Developer/Xcode/DerivedData/VideoTool-fdxnevjemnqufagenfcticjrtbxl/Build/Intermediates.noindex/VideoTool.build/Debug/VideoTool.build/VideoTool-project-headers.hmap -Xcc -I/Users/jiao/Library/Developer/Xcode/DerivedData/VideoTool-fdxnevjemnqufagenfcticjrtbxl/Build/Products/Debug/include -Xcc -I/Users/jiao/Library/Developer/Xcode/DerivedData/VideoTool-fdxnevjemnqufagenfcticjrtbxl/Build/Intermediates.noindex/VideoTool.build/Debug/VideoTool.build/DerivedSources-normal/arm64 -Xcc -I/Users/jiao/Library/Developer/Xcode/DerivedData/VideoTool-fdxnevjemnqufagenfcticjrtbxl/Build/Intermediates.noindex/VideoTool.build/Debug/VideoTool.build/DerivedSources/arm64 -Xcc -I/Users/jiao/Library/Developer/Xcode/DerivedData/VideoTool-fdxnevjemnqufagenfcticjrtbxl/Build/Intermediates.noindex/VideoTool.build/Debug/VideoTool.build/DerivedSources -Xcc -DDEBUG\=1 -no-auto-bridging-header-chaining -module-name VideoTool -frontend-parseable-output -disable-clang-spi -clang-target arm64-apple-macos26.5 -target-sdk-version 26.5 -target-sdk-name macosx26.5 -in-process-plugin-server-path /Applications/Xcode.app/Contents/Developer/Toolchains/XcodeDefault.xctoolchain/usr/lib/swift/host/libSwiftInProcPluginServer.dylib -o /Users/jiao/Library/Developer/Xcode/DerivedData/VideoTool-fdxnevjemnqufagenfcticjrtbxl/Build/Intermediates.noindex/VideoTool.build/Debug/VideoTool.build/Objects-normal/arm64/VideoConverterEngine.o -index-unit-output-path /VideoTool.build/Debug/VideoTool.build/Objects-normal/arm64/VideoConverterEngine.o -index-store-path /Users/jiao/Library/Developer/Xcode/DerivedData/VideoTool-fdxnevjemnqufagenfcticjrtbxl/Index.noindex/DataStore -index-system-modules

SwiftCompile normal arm64 /Users/jiao/Desktop/Project/VideoTool/VideoTool/VideoConverterEngine.swift (in target 'VideoTool' from project 'VideoTool')
    cd /Users/jiao/Desktop/Project/VideoTool
    
/Users/jiao/Desktop/Project/VideoTool/VideoTool/VideoConverterEngine.swift:132:32: error: value of type 'any Session' has no member 'value'
        if let dynId = session.value(forKey: "sessionId") as? Int {
                       ~~~~~~~ ^~~~~
/Users/jiao/Desktop/Project/VideoTool/VideoTool/VideoConverterEngine.swift:134:41: error: value of type 'any Session' has no member 'value'
        } else if let dynId64 = session.value(forKey: "sessionId") as? Int64 {
                                ~~~~~~~ ^~~~~

** BUILD FAILED **


The following build commands failed:
	SwiftCompile normal arm64 Compiling\ VideoConverterEngine.swift /Users/jiao/Desktop/Project/VideoTool/VideoTool/VideoConverterEngine.swift (in target 'VideoTool' from project 'VideoTool')
	SwiftCompile normal arm64 /Users/jiao/Desktop/Project/VideoTool/VideoTool/VideoConverterEngine.swift (in target 'VideoTool' from project 'VideoTool')
	Building project VideoTool with scheme VideoTool and configuration Debug
(3 failures)
